C51 COMPILER V9.00   MAIN                                                                  05/04/2019 00:12:14 PAGE 1   


C51 COMPILER V9.00, COMPILATION OF MODULE MAIN
OBJECT MODULE PLACED IN ..\output\main.obj
COMPILER INVOKED BY: D:\work sofewae\MDK\MDK5 sofeware\C51\BIN\C51.EXE ..\users\main.c OPTIMIZE(8,SPEED) BROWSE DEBUG OB
                    -JECTEXTEND PRINT(..\temp\main.lst) TABS(2) OBJECT(..\output\main.obj)

line level    source

   1          /*------------------------------
   2          /*PWM:周期一定，i<50,    输出1
   3          
   4                          i>=50,   输出0
   5          i每次加1      加到100，复位为0 .
   6          -------------------------------*/
   7          //定时器0  输出pwm
   8          
   9          //定时器1  决定功能
  10          #include <reg52.H>
  11          #include "scan.h"
  12          #include "motor.h"
  13          
  14          
  15           
  16          #define   uchar   unsigned     char
  17          #define   uint    unsigned     int
  18            
  19          
  20          extern     Indata;       // 初始值PWM
  21          
  22          extern     Indata1;       //初始值PWM1 
  23          
  24          
  25          sbit  PWM=P2^0;    //pwm输出角
  26          sbit  PWM1=P2^1;   //pwm输出脚
  27          
  28          
  29          uchar  fuc;
  30          
  31          
  32          //sbit  key=P3^0;   //  按键加
  33          
  34          int    Temp0,Temp1; //pwm输出的中间值
  35          
  36          
  37          
  38          
  39          
  40          
  41          uint  PWM_i=0,PWM_j=0;
  42          
  43          
  44          
  45          //延时
  46          void  Delay_Ms(uchar ms)
  47          {
  48   1         int   i;
  49   1        while(ms--)
  50   1          for(i=0;i<40;i++);
  51   1      }
  52          
  53          
  54          
C51 COMPILER V9.00   MAIN                                                                  05/04/2019 00:12:14 PAGE 2   

  55          
  56          
  57          
  58          //IO口初始化
  59          void   IO_init()
  60          {
  61   1      P3=0XFF;
  62   1      P2=0XFF;
  63   1      LED=0;
  64   1      }
  65          
  66          
  67          
  68          
  69          //T0初始化
  70          void   T0_init()
  71          {
  72   1      TMOD=0x01;  //T0方式1
  73   1      //TH0=(65536-100)/256;
  74   1      //TL0=(65536-100)%256;
  75   1      ET0=1;
  76   1      TR0=0;  
  77   1      }
  78          
  79          
  80          
  81          //T1初始化
  82          void  T1_init()
  83          {
  84   1      
  85   1      TMOD=0x10;  //T0方式1
  86   1      //TH1=(65536-100)/256;
  87   1      //TL1=(65536-100)%256;
  88   1      ET1=1;
  89   1      TR1=0;
  90   1      }
  91          
  92          
  93          
  94          //主函数
  95          void  main()
  96          {
  97   1        IO_init();//io口初始化
  98   1        T0_init();//T0初始化设置
  99   1        T1_init();//T1初始化设置  
 100   1        EA=1;     //开总中断  
 101   1        PT1=1;    //定时器1中断优先 
 102   1        
 103   1      
 104   1      while(1)
 105   1        {
 106   2        //  for(i=0;i<100;i++);
 107   2         
 108   2        if(P3!=0xff)   //fuc=P3
 109   2        {
 110   3            fuc=P3;
 111   3          while(P3!=0xff); //按键扫描到这  //怎么给P3
 112   3           //LED=!LED;
 113   3            TR1=1;
 114   3        }   
 115   2       }
 116   1      }   
C51 COMPILER V9.00   MAIN                                                                  05/04/2019 00:12:14 PAGE 3   

 117          
 118          
 119          //按键扫描后进入T1，进行功能选择
 120           
 121          //T1中断服务函数
 122          void   T1_IRQ()interrupt 3 using 2
 123          { 
 124   1        //LED=!LED;
 125   1      TH0=(65536-100)/256;  
 126   1      TL0=(65536-100)%256;
 127   1        // LED=!LED;
 128   1         
 129   1      switch(fuc)     //按键扫描
 130   1       {
 131   2         case  0xfe:       motor_adv();break;  //改变一个全局变量
 132   2         case  0xfd:       motor_ret();break;
 133   2         case  0xfb:       motor_r();break;
 134   2         case  0xf7:       motor_l();break;
 135   2         case  0xef:       motor_s();break;  
 136   2         default:          motor_s();break; 
 137   2         
 138   2         
 139   2           }
 140   1        TR0=1;
 141   1        TR1=0;
 142   1        }
 143          
 144          
 145            typedef struct
 146            {
 147              int num;
 148              char name[5];
 149          
 150              
 151            }adt;
 152          
 153          
 154          
 155          
 156          //T0中断服务函数  pwm
 157          void   T0_IRQ()interrupt 1 using 1
 158          {
 159   1        //extern  uchar    Indata;         // 初始值PWM  //外部来的   indata.  //声明已被定义的外部变量
 160   1       // extern  uchar   Indata1;        //初始值PWM1   //外部来的  indata1.
 161   1        //LED=!LED;
 162   1      
 163   1      //  if(Indata==50)  LED=1;
 164   1        
 165   1      TH0=(65536-100)/256;  
 166   1      TL0=(65536-100)%256;
 167   1      
 168   1        
 169   1      //一号电机
 170   1      if(PWM_i>=PWM_MAX)   PWM_i=0;      //200*100=20000=20ms  实际>20ms
 171   1        
 172   1      if(PWM_i<Indata)    PWM=1;
 173   1        
 174   1      else
 175   1        PWM=0;
 176   1      
 177   1        PWM_i++;
 178   1      
C51 COMPILER V9.00   MAIN                                                                  05/04/2019 00:12:14 PAGE 4   

 179   1      
 180   1      //2号电机
 181   1      if(PWM_j>=PWM_MAX)   PWM_j=0;      //200*100=20000=20ms  实际>20ms
 182   1        
 183   1      if(PWM_j<Indata1)    PWM1=1;
 184   1      
 185   1      else
 186   1           PWM1=0;
 187   1           PWM_j++;   
 188   1      
 189   1      
 190   1      }
 191          
 192          
 193          
 194          
 195                        
 196                        


MODULE INFORMATION:   STATIC OVERLAYABLE
   CODE SIZE        =    260    ----
   CONSTANT SIZE    =   ----    ----
   XDATA SIZE       =   ----    ----
   PDATA SIZE       =   ----    ----
   DATA SIZE        =      9    ----
   IDATA SIZE       =   ----    ----
   BIT SIZE         =   ----    ----
END OF MODULE INFORMATION.


C51 COMPILATION COMPLETE.  0 WARNING(S),  0 ERROR(S)
